
*** Running vivado
    with args -log duck_walk_fourth_rom.vds -m64 -product Vivado -mode batch -messageDb vivado.pb -notrace -source duck_walk_fourth_rom.tcl



****** Vivado v2022.2 (64-bit)
  **** SW Build 3671981 on Fri Oct 14 05:00:03 MDT 2022
  **** IP Build 3669848 on Fri Oct 14 08:30:02 MDT 2022
    ** Copyright 1986-2022 Xilinx, Inc. All Rights Reserved.

source duck_walk_fourth_rom.tcl -notrace
create_project: Time (s): cpu = 00:00:09 ; elapsed = 00:00:10 . Memory (MB): peak = 372.570 ; gain = 60.883
INFO: [IP_Flow 19-234] Refreshing IP repositories
INFO: [IP_Flow 19-1700] Loaded user IP repository 'c:/385_Vivado_Projects/Final_Project/ECE-385-Final-Project/hdmi_tx_1.0'.
INFO: [IP_Flow 19-2313] Loaded Vivado IP repository 'C:/Vivado/2022.2/data/ip'.
WARNING: [IP_Flow 19-4995] The host OS only allows 260 characters in a normal path. The IP cache path is more than 80 characters. If you experience issues with IP caching, please consider changing the IP cache to a location with a shorter path. Alternately consider using the OS subst command to map part of the path to a drive letter. 
Current IP cache path is c:/385_Vivado_Projects/Final_Project/ECE-385-Final-Project/goose_hunt/goose_hunt.cache/ip 
INFO: [IP_Flow 19-6924] IPCACHE: Running cache check for IP inst: duck_walk_fourth_rom
INFO: [IP_Flow 19-6922] IPCACHE: Exporting cached entry 335b8d7660f3dc5f to dir: C:/385_Vivado_Projects/Final_Project/ECE-385-Final-Project/goose_hunt/goose_hunt.runs/duck_walk_fourth_rom_synth_1
INFO: [IP_Flow 19-6928] IPCACHE: copied cached file c:/385_Vivado_Projects/Final_Project/ECE-385-Final-Project/goose_hunt/goose_hunt.cache/ip/2022.2/3/3/335b8d7660f3dc5f/duck_walk_fourth_rom.dcp to C:/385_Vivado_Projects/Final_Project/ECE-385-Final-Project/goose_hunt/goose_hunt.runs/duck_walk_fourth_rom_synth_1/duck_walk_fourth_rom.dcp.
INFO: [IP_Flow 19-6928] IPCACHE: copied cached file c:/385_Vivado_Projects/Final_Project/ECE-385-Final-Project/goose_hunt/goose_hunt.cache/ip/2022.2/3/3/335b8d7660f3dc5f/duck_walk_fourth_rom_sim_netlist.v to C:/385_Vivado_Projects/Final_Project/ECE-385-Final-Project/goose_hunt/goose_hunt.runs/duck_walk_fourth_rom_synth_1/duck_walk_fourth_rom_sim_netlist.v.
INFO: [IP_Flow 19-6928] IPCACHE: copied cached file c:/385_Vivado_Projects/Final_Project/ECE-385-Final-Project/goose_hunt/goose_hunt.cache/ip/2022.2/3/3/335b8d7660f3dc5f/duck_walk_fourth_rom_sim_netlist.vhdl to C:/385_Vivado_Projects/Final_Project/ECE-385-Final-Project/goose_hunt/goose_hunt.runs/duck_walk_fourth_rom_synth_1/duck_walk_fourth_rom_sim_netlist.vhdl.
INFO: [IP_Flow 19-6928] IPCACHE: copied cached file c:/385_Vivado_Projects/Final_Project/ECE-385-Final-Project/goose_hunt/goose_hunt.cache/ip/2022.2/3/3/335b8d7660f3dc5f/duck_walk_fourth_rom_stub.v to C:/385_Vivado_Projects/Final_Project/ECE-385-Final-Project/goose_hunt/goose_hunt.runs/duck_walk_fourth_rom_synth_1/duck_walk_fourth_rom_stub.v.
INFO: [IP_Flow 19-6928] IPCACHE: copied cached file c:/385_Vivado_Projects/Final_Project/ECE-385-Final-Project/goose_hunt/goose_hunt.cache/ip/2022.2/3/3/335b8d7660f3dc5f/duck_walk_fourth_rom_stub.vhdl to C:/385_Vivado_Projects/Final_Project/ECE-385-Final-Project/goose_hunt/goose_hunt.runs/duck_walk_fourth_rom_synth_1/duck_walk_fourth_rom_stub.vhdl.
INFO: [IP_Flow 19-4838] Using cached IP synthesis design for IP duck_walk_fourth_rom, cache-ID = 335b8d7660f3dc5f.
INFO: [Common 17-206] Exiting Vivado at Thu May  2 10:31:16 2024...
