
*** Running vivado
    with args -log mb_block_ilmb_v10_0.vds -m64 -product Vivado -mode batch -messageDb vivado.pb -notrace -source mb_block_ilmb_v10_0.tcl



****** Vivado v2022.2 (64-bit)
  **** SW Build 3671981 on Fri Oct 14 05:00:03 MDT 2022
  **** IP Build 3669848 on Fri Oct 14 08:30:02 MDT 2022
    ** Copyright 1986-2022 Xilinx, Inc. All Rights Reserved.

source mb_block_ilmb_v10_0.tcl -notrace
create_project: Time (s): cpu = 00:00:05 ; elapsed = 00:00:08 . Memory (MB): peak = 372.254 ; gain = 51.719
INFO: [IP_Flow 19-234] Refreshing IP repositories
INFO: [IP_Flow 19-1700] Loaded user IP repository 'c:/385_Vivado_Projects/Final_Project/ECE-385-Final-Project/hdmi_tx_1.0'.
INFO: [IP_Flow 19-2313] Loaded Vivado IP repository 'C:/Vivado/2022.2/data/ip'.
WARNING: [IP_Flow 19-4995] The host OS only allows 260 characters in a normal path. The IP cache path is more than 80 characters. If you experience issues with IP caching, please consider changing the IP cache to a location with a shorter path. Alternately consider using the OS subst command to map part of the path to a drive letter. 
Current IP cache path is c:/385_Vivado_Projects/Final_Project/ECE-385-Final-Project/goose_hunt/goose_hunt.cache/ip 
INFO: [IP_Flow 19-6924] IPCACHE: Running cache check for IP inst: mb_block_ilmb_v10_0
INFO: [IP_Flow 19-6922] IPCACHE: Exporting cached entry 8b859a7611e3417d to dir: C:/385_Vivado_Projects/Final_Project/ECE-385-Final-Project/goose_hunt/goose_hunt.runs/mb_block_ilmb_v10_0_synth_1
INFO: [IP_Flow 19-6928] IPCACHE: copied cached file c:/385_Vivado_Projects/Final_Project/ECE-385-Final-Project/goose_hunt/goose_hunt.cache/ip/2022.2/8/b/8b859a7611e3417d/mb_block_dlmb_v10_0.dcp to C:/385_Vivado_Projects/Final_Project/ECE-385-Final-Project/goose_hunt/goose_hunt.runs/mb_block_ilmb_v10_0_synth_1/mb_block_ilmb_v10_0.dcp.
INFO: [IP_Flow 19-6928] IPCACHE: copied cached file c:/385_Vivado_Projects/Final_Project/ECE-385-Final-Project/goose_hunt/goose_hunt.cache/ip/2022.2/8/b/8b859a7611e3417d/mb_block_dlmb_v10_0_sim_netlist.v to C:/385_Vivado_Projects/Final_Project/ECE-385-Final-Project/goose_hunt/goose_hunt.runs/mb_block_ilmb_v10_0_synth_1/mb_block_ilmb_v10_0_sim_netlist.v.
INFO: [IP_Flow 19-6928] IPCACHE: copied cached file c:/385_Vivado_Projects/Final_Project/ECE-385-Final-Project/goose_hunt/goose_hunt.cache/ip/2022.2/8/b/8b859a7611e3417d/mb_block_dlmb_v10_0_sim_netlist.vhdl to C:/385_Vivado_Projects/Final_Project/ECE-385-Final-Project/goose_hunt/goose_hunt.runs/mb_block_ilmb_v10_0_synth_1/mb_block_ilmb_v10_0_sim_netlist.vhdl.
INFO: [IP_Flow 19-6928] IPCACHE: copied cached file c:/385_Vivado_Projects/Final_Project/ECE-385-Final-Project/goose_hunt/goose_hunt.cache/ip/2022.2/8/b/8b859a7611e3417d/mb_block_dlmb_v10_0_stub.v to C:/385_Vivado_Projects/Final_Project/ECE-385-Final-Project/goose_hunt/goose_hunt.runs/mb_block_ilmb_v10_0_synth_1/mb_block_ilmb_v10_0_stub.v.
INFO: [IP_Flow 19-6928] IPCACHE: copied cached file c:/385_Vivado_Projects/Final_Project/ECE-385-Final-Project/goose_hunt/goose_hunt.cache/ip/2022.2/8/b/8b859a7611e3417d/mb_block_dlmb_v10_0_stub.vhdl to C:/385_Vivado_Projects/Final_Project/ECE-385-Final-Project/goose_hunt/goose_hunt.runs/mb_block_ilmb_v10_0_synth_1/mb_block_ilmb_v10_0_stub.vhdl.
INFO: [IP_Flow 19-4838] Using cached IP synthesis design for IP mb_block_ilmb_v10_0, cache-ID = 8b859a7611e3417d.
INFO: [Common 17-206] Exiting Vivado at Fri Apr 12 19:16:13 2024...
