Copyright 1986-2022 Xilinx, Inc. All Rights Reserved.
-------------------------------------------------------------------------------------------------------------------------
| Tool Version : Vivado v.2022.2 (win64) Build 3671981 Fri Oct 14 05:00:03 MDT 2022
| Date         : Thu May  2 14:52:31 2024
| Host         : DESKTOP-0EC8M3E running 64-bit major release  (build 9200)
| Command      : report_utilization -file mb_usb_hdmi_top_utilization_synth.rpt -pb mb_usb_hdmi_top_utilization_synth.pb
| Design       : mb_usb_hdmi_top
| Device       : xc7s50csga324-1
| Speed File   : -1
| Design State : Synthesized
-------------------------------------------------------------------------------------------------------------------------

Utilization Design Information

Table of Contents
-----------------
1. Slice Logic
1.1 Summary of Registers by Type
2. Memory
3. DSP
4. IO and GT Specific
5. Clocking
6. Specific Feature
7. Primitives
8. Black Boxes
9. Instantiated Netlists

1. Slice Logic
--------------

+-------------------------+------+-------+------------+-----------+-------+
|        Site Type        | Used | Fixed | Prohibited | Available | Util% |
+-------------------------+------+-------+------------+-----------+-------+
| Slice LUTs*             | 1526 |     0 |          0 |     32600 |  4.68 |
|   LUT as Logic          | 1526 |     0 |          0 |     32600 |  4.68 |
|   LUT as Memory         |    0 |     0 |          0 |      9600 |  0.00 |
| Slice Registers         |  333 |     0 |          0 |     65200 |  0.51 |
|   Register as Flip Flop |  282 |     0 |          0 |     65200 |  0.43 |
|   Register as Latch     |   51 |     0 |          0 |     65200 |  0.08 |
| F7 Muxes                |    3 |     0 |          0 |     16300 |  0.02 |
| F8 Muxes                |    0 |     0 |          0 |      8150 |  0.00 |
+-------------------------+------+-------+------------+-----------+-------+
* Warning! The Final LUT count, after physical optimizations and full implementation, is typically lower. Run opt_design after synthesis, if not already completed, for a more realistic count.
Warning! LUT value is adjusted to account for LUT combining.


1.1 Summary of Registers by Type
--------------------------------

+-------+--------------+-------------+--------------+
| Total | Clock Enable | Synchronous | Asynchronous |
+-------+--------------+-------------+--------------+
| 0     |            _ |           - |            - |
| 0     |            _ |           - |          Set |
| 0     |            _ |           - |        Reset |
| 0     |            _ |         Set |            - |
| 0     |            _ |       Reset |            - |
| 0     |          Yes |           - |            - |
| 22    |          Yes |           - |          Set |
| 162   |          Yes |           - |        Reset |
| 12    |          Yes |         Set |            - |
| 137   |          Yes |       Reset |            - |
+-------+--------------+-------------+--------------+


2. Memory
---------

+-------------------+------+-------+------------+-----------+-------+
|     Site Type     | Used | Fixed | Prohibited | Available | Util% |
+-------------------+------+-------+------------+-----------+-------+
| Block RAM Tile    |  0.5 |     0 |          0 |        75 |  0.67 |
|   RAMB36/FIFO*    |    0 |     0 |          0 |        75 |  0.00 |
|   RAMB18          |    1 |     0 |          0 |       150 |  0.67 |
|     RAMB18E1 only |    1 |       |            |           |       |
+-------------------+------+-------+------------+-----------+-------+
* Note: Each Block RAM Tile only has one FIFO logic available and therefore can accommodate only one FIFO36E1 or one FIFO18E1. However, if a FIFO18E1 occupies a Block RAM Tile, that tile can still accommodate a RAMB18E1


3. DSP
------

+----------------+------+-------+------------+-----------+-------+
|    Site Type   | Used | Fixed | Prohibited | Available | Util% |
+----------------+------+-------+------------+-----------+-------+
| DSPs           |    8 |     0 |          0 |       120 |  6.67 |
|   DSP48E1 only |    8 |       |            |           |       |
+----------------+------+-------+------------+-----------+-------+


4. IO and GT Specific
---------------------

+-----------------------------+------+-------+------------+-----------+-------+
|          Site Type          | Used | Fixed | Prohibited | Available | Util% |
+-----------------------------+------+-------+------------+-----------+-------+
| Bonded IOB                  |   34 |     0 |          0 |       210 | 16.19 |
| Bonded IPADs                |    0 |     0 |          0 |         2 |  0.00 |
| PHY_CONTROL                 |    0 |     0 |          0 |         5 |  0.00 |
| PHASER_REF                  |    0 |     0 |          0 |         5 |  0.00 |
| OUT_FIFO                    |    0 |     0 |          0 |        20 |  0.00 |
| IN_FIFO                     |    0 |     0 |          0 |        20 |  0.00 |
| IDELAYCTRL                  |    0 |     0 |          0 |         5 |  0.00 |
| IBUFDS                      |    0 |     0 |          0 |       202 |  0.00 |
| PHASER_OUT/PHASER_OUT_PHY   |    0 |     0 |          0 |        20 |  0.00 |
| PHASER_IN/PHASER_IN_PHY     |    0 |     0 |          0 |        20 |  0.00 |
| IDELAYE2/IDELAYE2_FINEDELAY |    0 |     0 |          0 |       250 |  0.00 |
| ILOGIC                      |    0 |     0 |          0 |       210 |  0.00 |
| OLOGIC                      |    0 |     0 |          0 |       210 |  0.00 |
+-----------------------------+------+-------+------------+-----------+-------+


5. Clocking
-----------

+------------+------+-------+------------+-----------+-------+
|  Site Type | Used | Fixed | Prohibited | Available | Util% |
+------------+------+-------+------------+-----------+-------+
| BUFGCTRL   |    2 |     0 |          0 |        32 |  6.25 |
| BUFIO      |    0 |     0 |          0 |        20 |  0.00 |
| MMCME2_ADV |    0 |     0 |          0 |         5 |  0.00 |
| PLLE2_ADV  |    0 |     0 |          0 |         5 |  0.00 |
| BUFMRCE    |    0 |     0 |          0 |        10 |  0.00 |
| BUFHCE     |    0 |     0 |          0 |        72 |  0.00 |
| BUFR       |    0 |     0 |          0 |        20 |  0.00 |
+------------+------+-------+------------+-----------+-------+


6. Specific Feature
-------------------

+-------------+------+-------+------------+-----------+-------+
|  Site Type  | Used | Fixed | Prohibited | Available | Util% |
+-------------+------+-------+------------+-----------+-------+
| BSCANE2     |    0 |     0 |          0 |         4 |  0.00 |
| CAPTUREE2   |    0 |     0 |          0 |         1 |  0.00 |
| DNA_PORT    |    0 |     0 |          0 |         1 |  0.00 |
| EFUSE_USR   |    0 |     0 |          0 |         1 |  0.00 |
| FRAME_ECCE2 |    0 |     0 |          0 |         1 |  0.00 |
| ICAPE2      |    0 |     0 |          0 |         2 |  0.00 |
| STARTUPE2   |    0 |     0 |          0 |         1 |  0.00 |
| XADC        |    0 |     0 |          0 |         1 |  0.00 |
+-------------+------+-------+------------+-----------+-------+


7. Primitives
-------------

+----------+------+---------------------+
| Ref Name | Used | Functional Category |
+----------+------+---------------------+
| LUT6     |  615 |                 LUT |
| LUT4     |  397 |                 LUT |
| LUT2     |  345 |                 LUT |
| LUT5     |  278 |                 LUT |
| CARRY4   |  216 |          CarryLogic |
| LUT3     |  163 |                 LUT |
| FDRE     |  137 |        Flop & Latch |
| FDCE     |  123 |        Flop & Latch |
| LUT1     |   77 |                 LUT |
| LDCE     |   39 |        Flop & Latch |
| OBUF     |   29 |                  IO |
| LDPE     |   12 |        Flop & Latch |
| FDSE     |   12 |        Flop & Latch |
| FDPE     |   10 |        Flop & Latch |
| DSP48E1  |    8 |    Block Arithmetic |
| IBUF     |    5 |                  IO |
| MUXF7    |    3 |               MuxFx |
| BUFG     |    2 |               Clock |
| RAMB18E1 |    1 |        Block Memory |
+----------+------+---------------------+


8. Black Boxes
--------------

+----------------------------------+------+
|             Ref Name             | Used |
+----------------------------------+------+
| num_9_rom                        |    1 |
| num_8_rom                        |    1 |
| num_7_rom                        |    1 |
| num_6_rom                        |    1 |
| num_5_rom                        |    1 |
| num_4_rom                        |    1 |
| num_3_rom                        |    1 |
| num_2_rom                        |    1 |
| num_1_rom                        |    1 |
| num_10_rom                       |    1 |
| num_0_rom                        |    1 |
| mb_block_xbar_0                  |    1 |
| mb_block_rst_clk_wiz_1_100M_0    |    1 |
| mb_block_microblaze_0_axi_intc_0 |    1 |
| mb_block_microblaze_0_0          |    1 |
| mb_block_mdm_1_0                 |    1 |
| mb_block_lmb_bram_0              |    1 |
| mb_block_ilmb_v10_0              |    1 |
| mb_block_ilmb_bram_if_cntlr_0    |    1 |
| mb_block_dlmb_v10_0              |    1 |
| mb_block_dlmb_bram_if_cntlr_0    |    1 |
| mb_block_clk_wiz_1_0             |    1 |
| mb_block_axi_uartlite_0_0        |    1 |
| mb_block_axi_timer_0_0           |    1 |
| mb_block_axi_quad_spi_0_0        |    1 |
| mb_block_axi_gpio_0_2            |    1 |
| mb_block_axi_gpio_0_1            |    1 |
| mb_block_axi_gpio_0_0            |    1 |
| hdmi_tx_0                        |    1 |
| duck_walk_fourth_rom             |    1 |
| duck_hunt_v2_rom                 |    1 |
| duck_hunt_end_rom                |    1 |
| dog_walk_third_rom               |    1 |
| dog_walk_second_rom              |    1 |
| dog_walk_first_rom               |    1 |
| dog_standing_rom                 |    1 |
| dog_sniff_rom                    |    1 |
| dog_laugh1_rom                   |    1 |
| dog_jump2_rom                    |    1 |
| dog_jump1_rom                    |    1 |
| dog_excited_rom                  |    1 |
| clk_wiz_0                        |    1 |
| Goose_wing_up_rom                |    1 |
| Goose_wing_mid_rom               |    1 |
| Goose_wing_down_rom              |    1 |
| Goose_fly_away3                  |    1 |
| Goose_fly_away2_rom              |    1 |
| Goose_fall_rom                   |    1 |
+----------------------------------+------+


9. Instantiated Netlists
------------------------

+----------+------+
| Ref Name | Used |
+----------+------+


